// Jest Snapshot v1, https://goo.gl/fbAQLP

exports[`Render EmployeeCard render correctly 1`] = `<div />`;
